I'm sorry, but errors were detected in your script. Please correct the
errors listed below, and try again.


File "game/screens.rpy", line 716: The has statement is not allowed here.
    has hbox:
       ^

Ren'Py Version: Ren'Py 8.0.3.22090809
Tue Oct  1 17:42:42 2024
